Microchip MPLAB XC8 Compiler V1.35 ()

Linker command line:

-W-3 --edf=/opt/microchip/xc8/v1.35/dat/en_msgs.txt -cs \
  -h+dist/default/production/memoriaI2C.X.production.sym \
  --cmf=dist/default/production/memoriaI2C.X.production.cmf -z -Q16F887 \
  -o/tmp/xcX7F5wPJ -Mdist/default/production/memoriaI2C.X.production.map \
  -E1 -ver=XC8 -ASTACK=0110h-016fh -pstack=STACK -ACODE=00h-07FFhx4 \
  -ASTRCODE=00h-01FFFh -ASTRING=00h-0FFhx32 -ACONST=00h-0FFhx32 \
  -AENTRY=00h-0FFhx32 -ACOMMON=070h-07Fh -ABANK0=020h-06Fh \
  -ABANK1=0A0h-0EFh -ABANK2=0110h-016Fh -ABANK3=0190h-01EFh \
  -ARAM=020h-06Fh,0A0h-0EFh,0110h-016Fh,0190h-01EFh \
  -AABS1=020h-07Fh,0A0h-0EFh,0110h-016Fh,0190h-01EFh -ASFR0=00h-01Fh \
  -ASFR1=080h-09Fh -ASFR2=0100h-010Fh -ASFR3=0180h-018Fh \
  -preset_vec=00h,intentry,init,end_init -ppowerup=CODE -pcinit=CODE \
  -pfunctab=CODE -ACONFIG=02007h-02008h -pconfig=CONFIG -DCONFIG=2 \
  -AIDLOC=02000h-02003h -pidloc=IDLOC -DIDLOC=2 -AEEDATA=00h-0FFh/02100h \
  -peeprom_data=EEDATA -DEEDATA=2 -DCODE=2 -DSTRCODE=2 -DSTRING=2 -DCONST=2 \
  -DENTRY=2 -k /tmp/xcXOSJ1aZ.obj \
  dist/default/production/memoriaI2C.X.production.obj 

Object code version is 3.11

Machine type is 16F887



                Name                               Link     Load   Length Selector   Space Scale
/tmp/xcXOSJ1aZ.obj
                end_init                              0        0        3        0       0
                config                             2007     2007        1     400E       0
dist/default/production/memoriaI2C.X.production.obj
                cinit                               7F0      7F0       10      FE0       0
                text9                               63D      63D        F      C7A       0
                text8                               630      630        D      C60       0
                text7                               614      614        5      C28       0
                text6                               61E      61E        8      C3C       0
                text5                               68E      68E       56      D1C       0
                text4                               619      619        5      C32       0
                text3                               626      626        A      C4C       0
                text2                               6E4      6E4       70      DC8       0
                text1                               65D      65D       17      CBA       0
                maintext                            754      754       9C      EA8       0
                cstackBANK0                          3A       3A       1A       20       1
                cstackCOMMON                         70       70        9       70       1
                inittext                            64C      64C       11      C98       0
                dataBANK0                            20       20       1A       20       1
                idataBANK0                          674      674       1A      CE8       0

TOTAL           Name                               Link     Load   Length     Space
        CLASS   STACK          

        CLASS   CODE           
                end_init                              0        0        3         0
                cinit                               7F0      7F0       10         0
                text9                               63D      63D        F         0
                text8                               630      630        D         0
                text7                               614      614        5         0
                text6                               61E      61E        8         0
                text5                               68E      68E       56         0
                text4                               619      619        5         0
                text3                               626      626        A         0
                text2                               6E4      6E4       70         0
                text1                               65D      65D       17         0
                maintext                            754      754       9C         0
                inittext                            64C      64C       11         0
                idataBANK0                          674      674       1A         0

        CLASS   STRCODE        

        CLASS   STRING         

        CLASS   CONST          

        CLASS   ENTRY          

        CLASS   COMMON         
                cstackCOMMON                         70       70        9         1

        CLASS   BANK0          
                cstackBANK0                          3A       3A       1A         1
                dataBANK0                            20       20       1A         1

        CLASS   BANK1          

        CLASS   BANK2          

        CLASS   BANK3          

        CLASS   RAM            

        CLASS   ABS1           
                abs_s1                               7E       7E        2         1

        CLASS   SFR0           

        CLASS   SFR1           

        CLASS   SFR2           

        CLASS   SFR3           

        CLASS   CONFIG         
                config                             2007     2007        1         0

        CLASS   IDLOC          

        CLASS   EEDATA         



SEGMENTS        Name                           Load    Length   Top    Selector   Space  Class     Delta

                reset_vec                      000000  000003  000003         0       0  CODE        2
                dataBANK0                      000020  000034  000054        20       1  BANK0       1
                cstackCOMMON                   000070  000009  000079        70       1  COMMON      1
                text7                          000614  000005  000619       C28       0  CODE        2
                text4                          000619  000005  00061E       C32       0  CODE        2
                text6                          00061E  000008  000626       C3C       0  CODE        2
                text3                          000626  00000A  000630       C4C       0  CODE        2
                text8                          000630  00000D  00063D       C60       0  CODE        2
                text9                          00063D  00000F  00064C       C7A       0  CODE        2
                inittext                       00064C  000011  00065D       C98       0  CODE        2
                text1                          00065D  000017  000674       CBA       0  CODE        2
                idataBANK0                     000674  00001A  00068E       CE8       0  CODE        2
                text5                          00068E  000056  0006E4       D1C       0  CODE        2
                text2                          0006E4  000070  000754       DC8       0  CODE        2
                maintext                       000754  00009C  0007F0       EA8       0  CODE        2
                cinit                          0007F0  000010  000800       FE0       0  CODE        2
                config                         002007  000001  002008      400E       0  CONFIG      2


UNUSED ADDRESS RANGES

        Name                Unused          Largest block    Delta
        BANK0            0054-006F             1C           1
        BANK1            00A0-00EF             50           1
        BANK2            0110-016F             60           1
        BANK3            0190-01EF             60           1
        CODE             0003-0613            611           2
                         0800-1FFF            800
        COMMON           0079-007D              5           1
        CONFIG           2008-2008              1           2
        CONST            0003-0613            100           2
                         0800-1FFF            100
        EEDATA           2100-21FF            100           2
        ENTRY            0003-0613            100           2
                         0800-1FFF            100
        IDLOC            2000-2003              4           2
        RAM              0054-006F             1C           1
                         00A0-00EF             50
                         0110-016F             60
                         0190-01EF             60
        SFR0             0000-001F             20           1
        SFR1             0080-009F             20           1
        SFR2             0100-010F             10           1
        SFR3             0180-018F             10           1
        STACK            0110-016F             60           1
        STRCODE          0003-0613            611           2
                         0800-1FFF           1800
        STRING           0003-0613            100           2
                         0800-1FFF            100

                                  Symbol Table

_ACKDT                     (abs)        048D
_ACKEN                     (abs)        048C
_PEN                       (abs)        048A
_RCEN                      (abs)        048B
_RCSTAbits                 (abs)        0018
_SEN                       (abs)        0488
_SPBRG                     (abs)        0099
_SSPADD                    (abs)        0093
_SSPBUF                    (abs)        0013
_SSPCON                    (abs)        0014
_SSPIF                     (abs)        0063
_SSPSTAT                   (abs)        0094
_TRISC3                    (abs)        043B
_TRISC4                    (abs)        043C
_TXIF                      (abs)        0064
_TXREG                     (abs)        0019
_TXSTAbits                 (abs)        0098
__CFG_FOSC$INTRC_CLKOUT    (abs)        0000
__CFG_WDTE$OFF             (abs)        0000
__Habs1                    abs1         0000
__Hbank0                   bank0        0000
__Hbank1                   bank1        0000
__Hbank2                   bank2        0000
__Hbank3                   bank3        0000
__Hcinit                   cinit        0800
__Hclrtext                 clrtext      0000
__Hcode                    code         0000
__Hcommon                  common       0000
__Hconfig                  config       2008
__HcstackBANK0             cstackBANK0  0000
__HcstackCOMMON            cstackCOMMON 0000
__HdataBANK0               dataBANK0    0000
__Heeprom_data             eeprom_data  0000
__Hend_init                end_init     0003
__Hfunctab                 functab      0000
__HidataBANK0              idataBANK0   0000
__Hidloc                   idloc        0000
__Hinit                    init         0000
__Hinittext                inittext     0000
__Hintentry                intentry     0000
__Hmaintext                maintext     0000
__Hpowerup                 powerup      0000
__Hram                     ram          0000
__Hreset_vec               reset_vec    0000
__Hsfr0                    sfr0         0000
__Hsfr1                    sfr1         0000
__Hsfr2                    sfr2         0000
__Hsfr3                    sfr3         0000
__Hspace_0                 (abs)        2008
__Hspace_1                 (abs)        0079
__Hspace_2                 (abs)        0000
__Hspace_3                 (abs)        0000
__Hstack                   stack        0000
__Hstrings                 strings      0000
__Htext                    text         0000
__Labs1                    abs1         0000
__Lbank0                   bank0        0000
__Lbank1                   bank1        0000
__Lbank2                   bank2        0000
__Lbank3                   bank3        0000
__Lcinit                   cinit        07F0
__Lclrtext                 clrtext      0000
__Lcode                    code         0000
__Lcommon                  common       0000
__Lconfig                  config       2007
__LcstackBANK0             cstackBANK0  0000
__LcstackCOMMON            cstackCOMMON 0000
__LdataBANK0               dataBANK0    0000
__Leeprom_data             eeprom_data  0000
__Lend_init                end_init     0000
__Lfunctab                 functab      0000
__LidataBANK0              idataBANK0   0000
__Lidloc                   idloc        0000
__Linit                    init         0000
__Linittext                inittext     0000
__Lintentry                intentry     0000
__Lmaintext                maintext     0000
__Lpowerup                 powerup      0000
__Lram                     ram          0000
__Lreset_vec               reset_vec    0000
__Lsfr0                    sfr0         0000
__Lsfr1                    sfr1         0000
__Lsfr2                    sfr2         0000
__Lsfr3                    sfr3         0000
__Lspace_0                 (abs)        0000
__Lspace_1                 (abs)        0000
__Lspace_2                 (abs)        0000
__Lspace_3                 (abs)        0000
__Lstack                   stack        0000
__Lstrings                 strings      0000
__Ltext                    text         0000
__S0                       (abs)        2008
__S1                       (abs)        0079
__S2                       (abs)        0000
__S3                       (abs)        0000
___int_sp                  stack        0000
___latbits                 (abs)        0002
___sp                      stack        0000
__end_of__initialization   cinit        07FC
__end_of_initI2C           text9        064C
__end_of_initUSART         text8        063D
__end_of_main              maintext     07F0
__end_of_pageWrite         text5        06E4
__end_of_randomRead        text2        0754
__end_of_setACK            text7        0619
__end_of_setNACK           text4        061E
__end_of_waitMSSP          text6        0626
__end_of_writeStringUSART  text1        0674
__end_of_writeUSART        text3        0630
__initialization           cinit        07F0
__pcstackBANK0             cstackBANK0  003A
__pcstackCOMMON            cstackCOMMON 0070
__pdataBANK0               dataBANK0    0020
__pidataBANK0              idataBANK0   0674
__pmaintext                maintext     0754
__ptext1                   text1        065D
__ptext2                   text2        06E4
__ptext3                   text3        0626
__ptext4                   text4        0619
__ptext5                   text5        068E
__ptext6                   text6        061E
__ptext7                   text7        0614
__ptext8                   text8        0630
__ptext9                   text9        063D
__size_of_initI2C          (abs)        0000
__size_of_initUSART        (abs)        0000
__size_of_main             (abs)        0000
__size_of_pageWrite        (abs)        0000
__size_of_randomRead       (abs)        0000
__size_of_setACK           (abs)        0000
__size_of_setNACK          (abs)        0000
__size_of_waitMSSP         (abs)        0000
__size_of_writeStringUSART (abs)        0000
__size_of_writeUSART       (abs)        0000
_initI2C                   text9        063D
_initUSART                 text8        0630
_main                      maintext     0754
_pageWrite                 text5        068E
_randomRead                text2        06E4
_setACK                    text7        0614
_setNACK                   text4        0619
_waitMSSP                  text6        061E
_writeStringUSART          text1        065D
_writeUSART                text3        0626
btemp                      (abs)        007E
end_of_initialization      cinit        07FC
init_fetch0                inittext     064C
init_ram0                  inittext     0650
intlevel0                  functab      0000
intlevel1                  functab      0000
intlevel2                  functab      0000
intlevel3                  functab      0000
intlevel4                  functab      0000
intlevel5                  functab      0000
ltemp                      (abs)        007E
ltemp0                     (abs)        007E
ltemp1                     (abs)        0082
ltemp2                     (abs)        0086
ltemp3                     (abs)        0080
main@F1727                 dataBANK0    0020
main@F1729                 dataBANK0    0034
main@data                  cstackBANK0  003A
main@msg                   cstackBANK0  004E
pageWrite@data             cstackCOMMON 0072
pageWrite@i                cstackCOMMON 0073
pageWrite@tam              cstackCOMMON 0070
randomRead@i               cstackCOMMON 0073
randomRead@tam             cstackCOMMON 0072
reset_vec                  reset_vec    0000
stackhi                    (abs)        0000
stacklo                    (abs)        0000
start                      init         0000
start_initialization       cinit        07F0
ttemp                      (abs)        007E
ttemp0                     (abs)        007E
ttemp1                     (abs)        0081
ttemp2                     (abs)        0084
ttemp3                     (abs)        0087
ttemp4                     (abs)        007F
writeStringUSART@c         cstackCOMMON 0074
writeStringUSART@dato      cstackCOMMON 0073
writeStringUSART@tam       cstackCOMMON 0071
writeUSART@dato            cstackCOMMON 0070
wtemp                      (abs)        007E
wtemp0                     (abs)        007E
wtemp1                     (abs)        0080
wtemp2                     (abs)        0082
wtemp3                     (abs)        0084
wtemp4                     (abs)        0086
wtemp5                     (abs)        0088
wtemp6                     (abs)        007F


FUNCTION INFORMATION:

 *************** function _main *****************
 Defined at:
		line 24 in file "main.c"
 Parameters:    Size  Location     Type
		None
 Auto vars:     Size  Location     Type
  data           20    0[BANK0 ] unsigned char [20]
  msg             6   20[BANK0 ] unsigned char [6]
 Return value:  Size  Location     Type
		None               void
 Registers used:
		wreg, fsr0l, fsr0h, status,2, status,0, pclath, cstack
 Tracked objects:
		On entry : 
		On exit  : 
		Unchanged: 
 Data sizes:     COMMON   BANK0   BANK1   BANK3   BANK2
      Params:         0       0       0       0       0
      Locals:         0      26       0       0       0
      Temps:          4       0       0       0       0
      Totals:         4      26       0       0       0
Total ram usage:       30 bytes
 Hardware stack levels required when called:    2
 This function calls:
		_initI2C
		_initUSART
		_pageWrite
		_randomRead
		_writeStringUSART
		_writeUSART
 This function is called by:
		Startup code after reset
 This function uses a non-reentrant model


 *************** function _writeStringUSART *****************
 Defined at:
		line 190 in file "main.c"
 Parameters:    Size  Location     Type
  dato            1    wreg     PTR unsigned char 
		 -> main@msg(6), 
  tam             1    1[COMMON] unsigned char 
 Auto vars:     Size  Location     Type
  dato            1    3[COMMON] PTR unsigned char 
		 -> main@msg(6), 
  c               1    4[COMMON] unsigned char 
 Return value:  Size  Location     Type
		None               void
 Registers used:
		wreg, fsr0l, fsr0h, status,2, status,0, pclath, cstack
 Tracked objects:
		On entry : 
		On exit  : 
		Unchanged: 
 Data sizes:     COMMON   BANK0   BANK1   BANK3   BANK2
      Params:         1       0       0       0       0
      Locals:         2       0       0       0       0
      Temps:          1       0       0       0       0
      Totals:         4       0       0       0       0
Total ram usage:        4 bytes
 Hardware stack levels used:    1
 Hardware stack levels required when called:    1
 This function calls:
		_writeUSART
 This function is called by:
		_main
 This function uses a non-reentrant model


 *************** function _randomRead *****************
 Defined at:
		line 127 in file "main.c"
 Parameters:    Size  Location     Type
  tam             1    wreg     unsigned char 
 Auto vars:     Size  Location     Type
  tam             1    2[COMMON] unsigned char 
  i               1    3[COMMON] unsigned char 
 Return value:  Size  Location     Type
		None               void
 Registers used:
		wreg, status,2, status,0, pclath, cstack
 Tracked objects:
		On entry : 
		On exit  : 
		Unchanged: 
 Data sizes:     COMMON   BANK0   BANK1   BANK3   BANK2
      Params:         0       0       0       0       0
      Locals:         2       0       0       0       0
      Temps:          1       0       0       0       0
      Totals:         3       0       0       0       0
Total ram usage:        3 bytes
 Hardware stack levels used:    1
 Hardware stack levels required when called:    1
 This function calls:
		_setACK
		_setNACK
		_waitMSSP
		_writeUSART
 This function is called by:
		_main
 This function uses a non-reentrant model


 *************** function _writeUSART *****************
 Defined at:
		line 183 in file "main.c"
 Parameters:    Size  Location     Type
  dato            1    wreg     unsigned char 
 Auto vars:     Size  Location     Type
  dato            1    0[COMMON] unsigned char 
 Return value:  Size  Location     Type
		None               void
 Registers used:
		wreg
 Tracked objects:
		On entry : 
		On exit  : 
		Unchanged: 
 Data sizes:     COMMON   BANK0   BANK1   BANK3   BANK2
      Params:         0       0       0       0       0
      Locals:         1       0       0       0       0
      Temps:          0       0       0       0       0
      Totals:         1       0       0       0       0
Total ram usage:        1 bytes
 Hardware stack levels used:    1
 This function calls:
		Nothing
 This function is called by:
		_main
		_randomRead
		_writeStringUSART
 This function uses a non-reentrant model


 *************** function _setNACK *****************
 Defined at:
		line 88 in file "main.c"
 Parameters:    Size  Location     Type
		None
 Auto vars:     Size  Location     Type
		None
 Return value:  Size  Location     Type
		None               void
 Registers used:
		None
 Tracked objects:
		On entry : 
		On exit  : 
		Unchanged: 
 Data sizes:     COMMON   BANK0   BANK1   BANK3   BANK2
      Params:         0       0       0       0       0
      Locals:         0       0       0       0       0
      Temps:          0       0       0       0       0
      Totals:         0       0       0       0       0
Total ram usage:        0 bytes
 Hardware stack levels used:    1
 This function calls:
		Nothing
 This function is called by:
		_randomRead
 This function uses a non-reentrant model


 *************** function _pageWrite *****************
 Defined at:
		line 95 in file "main.c"
 Parameters:    Size  Location     Type
  data            1    wreg     PTR unsigned char 
		 -> main@data(20), 
  tam             1    0[COMMON] unsigned char 
 Auto vars:     Size  Location     Type
  data            1    2[COMMON] PTR unsigned char 
		 -> main@data(20), 
  i               1    3[COMMON] unsigned char 
 Return value:  Size  Location     Type
		None               void
 Registers used:
		wreg, fsr0l, fsr0h, status,2, status,0, pclath, cstack
 Tracked objects:
		On entry : 
		On exit  : 
		Unchanged: 
 Data sizes:     COMMON   BANK0   BANK1   BANK3   BANK2
      Params:         1       0       0       0       0
      Locals:         2       0       0       0       0
      Temps:          1       0       0       0       0
      Totals:         4       0       0       0       0
Total ram usage:        4 bytes
 Hardware stack levels used:    1
 Hardware stack levels required when called:    1
 This function calls:
		_setACK
		_waitMSSP
 This function is called by:
		_main
 This function uses a non-reentrant model


 *************** function _waitMSSP *****************
 Defined at:
		line 66 in file "main.c"
 Parameters:    Size  Location     Type
		None
 Auto vars:     Size  Location     Type
		None
 Return value:  Size  Location     Type
		None               void
 Registers used:
		None
 Tracked objects:
		On entry : 
		On exit  : 
		Unchanged: 
 Data sizes:     COMMON   BANK0   BANK1   BANK3   BANK2
      Params:         0       0       0       0       0
      Locals:         0       0       0       0       0
      Temps:          0       0       0       0       0
      Totals:         0       0       0       0       0
Total ram usage:        0 bytes
 Hardware stack levels used:    1
 This function calls:
		Nothing
 This function is called by:
		_pageWrite
		_randomRead
 This function uses a non-reentrant model


 *************** function _setACK *****************
 Defined at:
		line 83 in file "main.c"
 Parameters:    Size  Location     Type
		None
 Auto vars:     Size  Location     Type
		None
 Return value:  Size  Location     Type
		None               void
 Registers used:
		None
 Tracked objects:
		On entry : 
		On exit  : 
		Unchanged: 
 Data sizes:     COMMON   BANK0   BANK1   BANK3   BANK2
      Params:         0       0       0       0       0
      Locals:         0       0       0       0       0
      Temps:          0       0       0       0       0
      Totals:         0       0       0       0       0
Total ram usage:        0 bytes
 Hardware stack levels used:    1
 This function calls:
		Nothing
 This function is called by:
		_pageWrite
		_randomRead
 This function uses a non-reentrant model


 *************** function _initUSART *****************
 Defined at:
		line 175 in file "main.c"
 Parameters:    Size  Location     Type
		None
 Auto vars:     Size  Location     Type
		None
 Return value:  Size  Location     Type
		None               void
 Registers used:
		wreg
 Tracked objects:
		On entry : 
		On exit  : 
		Unchanged: 
 Data sizes:     COMMON   BANK0   BANK1   BANK3   BANK2
      Params:         0       0       0       0       0
      Locals:         0       0       0       0       0
      Temps:          0       0       0       0       0
      Totals:         0       0       0       0       0
Total ram usage:        0 bytes
 Hardware stack levels used:    1
 This function calls:
		Nothing
 This function is called by:
		_main
 This function uses a non-reentrant model


 *************** function _initI2C *****************
 Defined at:
		line 53 in file "main.c"
 Parameters:    Size  Location     Type
		None
 Auto vars:     Size  Location     Type
		None
 Return value:  Size  Location     Type
		None               void
 Registers used:
		wreg
 Tracked objects:
		On entry : 
		On exit  : 
		Unchanged: 
 Data sizes:     COMMON   BANK0   BANK1   BANK3   BANK2
      Params:         0       0       0       0       0
      Locals:         0       0       0       0       0
      Temps:          0       0       0       0       0
      Totals:         0       0       0       0       0
Total ram usage:        0 bytes
 Hardware stack levels used:    1
 This function calls:
		Nothing
 This function is called by:
		_main
 This function uses a non-reentrant model



MODULE INFORMATION

Module		Function		Class		Link	Load	Size
shared
		__initialization		CODE           	07F0	0000	13

shared estimated size: 13

main.c
		_writeUSART    		CODE           	0626	0000	11
		_main          		CODE           	0754	0000	157
		_setACK        		CODE           	0614	0000	6
		_randomRead    		CODE           	06E4	0000	113
		_waitMSSP      		CODE           	061E	0000	9
		_writeStringUSART		CODE           	065D	0000	24
		_pageWrite     		CODE           	068E	0000	87
		_initI2C       		CODE           	063D	0000	16
		_initUSART     		CODE           	0630	0000	14
		_setNACK       		CODE           	0619	0000	6

main.c estimated size: 443

