MPLINK 5.08, LINKER
Linker Map File - Created Mon Sep 10 22:56:38 2018

                                 Section Info
                  Section       Type    Address   Location Size(Bytes)
                ---------  ---------  ---------  ---------  ---------
                   .org_0       code   0x000000    program   0x000002
                   .cinit    romdata   0x000001    program   0x000004
                   .org_1       code   0x000004    program   0x00002e
.config_2007_BUILD/DEFAULT/PRODUCTION/TEMP1.O       code   0x002007    program   0x000002
                   .udata      udata   0x000020       data   0x000002



                              Program Memory Usage 
                               Start         End      
                           ---------   ---------      
                            0x000000    0x000002      
                            0x000004    0x00001a      
                            0x002007    0x002007      
            27 out of 8455 program addresses used, program memory utilization is 0%



                              Symbols - Sorted by Name
                     Name    Address   Location    Storage File                     
                ---------  ---------  ---------  --------- ---------                
                    CICLO   0x000015    program     static /home/vemm/MPLABXProjects/temporizador.X/temp1.asm
                   INICIO   0x00000f    program     static /home/vemm/MPLABXProjects/temporizador.X/temp1.asm
                     SRES   0x000020       data     static /home/vemm/MPLABXProjects/temporizador.X/temp1.asm
                     WRES   0x000021       data     static /home/vemm/MPLABXProjects/temporizador.X/temp1.asm



                              Symbols - Sorted by Address
                     Name    Address   Location    Storage File                     
                ---------  ---------  ---------  --------- ---------                
                   INICIO   0x00000f    program     static /home/vemm/MPLABXProjects/temporizador.X/temp1.asm
                    CICLO   0x000015    program     static /home/vemm/MPLABXProjects/temporizador.X/temp1.asm
                     SRES   0x000020       data     static /home/vemm/MPLABXProjects/temporizador.X/temp1.asm
                     WRES   0x000021       data     static /home/vemm/MPLABXProjects/temporizador.X/temp1.asm


