MPLINK 5.08, LINKER
Linker Map File - Created Thu Oct 18 21:12:12 2018

                                 Section Info
                  Section       Type    Address   Location Size(Bytes)
                ---------  ---------  ---------  ---------  ---------
                   .org_0       code   0x000000    program   0x000038
                   .cinit    romdata   0x00001c    program   0x000004
.config_2007_BUILD/DEFAULT/DEBUG/MATRIZ1.O       code   0x002007    program   0x000002
                   .udata      udata   0x000020       data   0x000002



                              Program Memory Usage 
                               Start         End      
                           ---------   ---------      
                            0x000000    0x00001d      
                            0x002007    0x002007      
            31 out of 8455 program addresses used, program memory utilization is 0%



                              Symbols - Sorted by Name
                     Name    Address   Location    Storage File                     
                ---------  ---------  ---------  --------- ---------                
                      FIN   0x00000f    program     static /home/vemm/MPLABXProjects/matriz.X/matriz1.asm
                     INIT   0x000011    program     static /home/vemm/MPLABXProjects/matriz.X/matriz1.asm
                  LLENADO   0x000006    program     static /home/vemm/MPLABXProjects/matriz.X/matriz1.asm
                  MOSTRAR   0x000016    program     static /home/vemm/MPLABXProjects/matriz.X/matriz1.asm
                 CONTADOR   0x000020       data     static /home/vemm/MPLABXProjects/matriz.X/matriz1.asm
                   INDICE   0x000021       data     static /home/vemm/MPLABXProjects/matriz.X/matriz1.asm



                              Symbols - Sorted by Address
                     Name    Address   Location    Storage File                     
                ---------  ---------  ---------  --------- ---------                
                  LLENADO   0x000006    program     static /home/vemm/MPLABXProjects/matriz.X/matriz1.asm
                      FIN   0x00000f    program     static /home/vemm/MPLABXProjects/matriz.X/matriz1.asm
                     INIT   0x000011    program     static /home/vemm/MPLABXProjects/matriz.X/matriz1.asm
                  MOSTRAR   0x000016    program     static /home/vemm/MPLABXProjects/matriz.X/matriz1.asm
                 CONTADOR   0x000020       data     static /home/vemm/MPLABXProjects/matriz.X/matriz1.asm
                   INDICE   0x000021       data     static /home/vemm/MPLABXProjects/matriz.X/matriz1.asm


